---
source: unpack/tests/extract_test.rs
expression: archive_kind
---
Some(
    Zip,
)
